// Jest Snapshot v1, https://goo.gl/fbAQLP

exports[`<Footer /> renders correctly 1`] = `
<footer
  className="makeStyles-footer-1"
>
  <WithStyles(ForwardRef(Container))>
    <WithStyles(ForwardRef(Typography))
      align="center"
      variant="body1"
    >
      client:footer.reference
    </WithStyles(ForwardRef(Typography))>
  </WithStyles(ForwardRef(Container))>
</footer>
`;
